// Jest Snapshot v1, https://goo.gl/fbAQLP

exports[`MessagesList component renders MessagesList 1`] = `
<div
  className="MessagesList"
>
  <blockquote>
    <h3
      className="TopMessage"
    />
    <footer>
      <h4
        className="Attribution"
      >
        ——
        <br />
      </h4>
    </footer>
  </blockquote>
</div>
`;
