// Jest Snapshot v1, https://goo.gl/fbAQLP

exports[`MessagesList component renders MessagesList 1`] = `
<div
  className="MessagesList"
>
  <blockquote>
    <p
      className="Message"
      style={
        Object {
          "color": "undefined",
        }
      }
    />
    <footer>
      <p
        className="Attribution"
      >
        ——
        <br />
      </p>
    </footer>
  </blockquote>
</div>
`;
