// Jest Snapshot v1, https://goo.gl/fbAQLP

exports[`Messages component renders Messages 1`] = `
<Fragment>
  <section
    className="Top"
  >
    <h1
      className="TitleTop"
    >
      Congratulatory Messages
    </h1>
    <AwesomeSlider
      animation={null}
      bullets={true}
      buttonContentLeft={null}
      buttonContentRight={null}
      buttons={true}
      className="Slider"
      controlsReturnDelay={0}
      cssModule={null}
      customContent={null}
      disabled={false}
      fillParent={false}
      infinite={true}
      media={Array []}
      mobileTouch={true}
      name="awesome-slider"
      onFirstMount={null}
      onLoadStart={null}
      onResetSlider={null}
      onStartupRelease={null}
      onTransitionEnd={null}
      onTransitionRequest={null}
      onTransitionStart={null}
      organicArrows={true}
      rootElement="awssld"
      scssModule={null}
      selected={0}
      startup={true}
      startupDelay={0}
      startupScreen={null}
      style={Object {}}
      transitionDelay={0}
    >
      <div
        data-src="/path/image"
        key="Giuseppe Mcknight
Executive and Artistic Director, UCLA’s Center for the Art of Performance"
      >
        <MessagesList
          attribution="Giuseppe Mcknight
Executive and Artistic Director, UCLA’s Center for the Art of Performance"
          key="Giuseppe Mcknight
Executive and Artistic Director, UCLA’s Center for the Art of Performance"
          message="...please live the beautiful life that you have. It will always be enough..."
          messageColor="#00000"
        />
      </div>
      <div
        data-src="/path/image"
        key="Saskia Barrett
Shapiro Director, Fowler Museum"
      >
        <MessagesList
          attribution="Saskia Barrett
Shapiro Director, Fowler Museum"
          key="Saskia Barrett
Shapiro Director, Fowler Museum"
          message="I hope that each one of you will harness your unique abilities, the strength of your convictions, the resiliency of youth, and the fellowship of community—the one at UCLA and others—to launch your next chapter with verve."
          messageColor="#00000"
        />
      </div>
      <div
        data-src="/path/image"
        key="Dewey Shelton
Director, Hammer Museum "
      >
        <MessagesList
          attribution="Dewey Shelton
Director, Hammer Museum "
          key="Dewey Shelton
Director, Hammer Museum "
          message="Hello Class of 2020...I don’t need to tell you that you’re graduating at an extraordinary time...I cannot wait to see what you all make, and invent, and design, and solve...so for each and every one of you I offer my congratulations..."
          messageColor="#00000"
        />
      </div>
      <div
        data-src="/path/image"
        key="Leela Bowler
Professor, Department of World Arts and Cultures / Dance"
      >
        <MessagesList
          attribution="Leela Bowler
Professor, Department of World Arts and Cultures / Dance"
          key="Leela Bowler
Professor, Department of World Arts and Cultures / Dance"
          message="Creativity is not part of the solution, it IS the solution. Reimagine, reinvent, insist on dignity, and save the world.”"
          messageColor="#00000"
        />
      </div>
    </AwesomeSlider>
    <button
      className="Button"
      onClick={[Function]}
    >
      VIEW ALL
    </button>
  </section>
  <section
    className="Bottom"
  >
    <h1
      className="TitleBottom"
    >
      More Messages
    </h1>
    <AwesomeSlider
      animation={null}
      bullets={true}
      buttonContentLeft={null}
      buttonContentRight={null}
      buttons={true}
      className="Slider"
      controlsReturnDelay={0}
      cssModule={null}
      customContent={null}
      disabled={false}
      fillParent={false}
      infinite={true}
      media={Array []}
      mobileTouch={true}
      name="awesome-slider"
      onFirstMount={null}
      onLoadStart={null}
      onResetSlider={null}
      onStartupRelease={null}
      onTransitionEnd={null}
      onTransitionRequest={null}
      onTransitionStart={null}
      organicArrows={true}
      rootElement="awssld"
      scssModule={null}
      selected={0}
      startup={true}
      startupDelay={0}
      startupScreen={null}
      style={Object {}}
      transitionDelay={0}
    >
      <div
        data-src="/path/image"
        key="Jae Rigby
Professor, Department of World Arts and Cultures / Dance"
      >
        <MessagesList
          attribution="Jae Rigby
Professor, Department of World Arts and Cultures / Dance"
          key="Jae Rigby
Professor, Department of World Arts and Cultures / Dance"
          message="Creativity is not part of the solution, it IS the solution. Reimagine, reinvent, insist on dignity, and save the world."
          messageColor="#0000FF"
        />
      </div>
      <div
        data-src="/path/image"
        key="Keanan Neale
M.F.A., Design Media Arts, ’06"
      >
        <MessagesList
          attribution="Keanan Neale
M.F.A., Design Media Arts, ’06"
          key="Keanan Neale
M.F.A., Design Media Arts, ’06"
          message="Class of 2020. Congratulations. The next chapter is in your hands. Stay thoughtful, act passionately, and remain curious."
          messageColor="#0000FF"
        />
      </div>
      <div
        data-src="/path/image"
        key="Dewey Shelton
Director, Hammer Museum "
      >
        <MessagesList
          attribution="Dewey Shelton
Director, Hammer Museum "
          key="Dewey Shelton
Director, Hammer Museum "
          message="Hello Class of 2020...I don’t need to tell you that you’re graduating at an extraordinary time...I cannot wait to see what you all make, and invent, and design, and solve...so for each and every one of you I offer my congratulations..."
          messageColor="#0000FF"
        />
      </div>
    </AwesomeSlider>
  </section>
</Fragment>
`;
